// Jest Snapshot v1, https://goo.gl/fbAQLP

exports[`renders correctly 1`] = `
<div
  className="container d-flex flex-column justify-content-center"
>
  <svg
    className="align-self-end mt-2"
    fill="currentColor"
    height="1em"
    name="Mozambique"
    onClick={[Function]}
    stroke="currentColor"
    strokeWidth="0"
    style={
      Object {
        "color": undefined,
      }
    }
    viewBox="0 0 16 16"
    width="1em"
    xmlns="http://www.w3.org/2000/svg"
  >
    <path
      d="M8 0a8 8 0 1 1 0 16A8 8 0 0 1 8 0zM4.5 7.5a.5.5 0 0 0 0 1h5.793l-2.147 2.146a.5.5 0 0 0 .708.708l3-3a.5.5 0 0 0 0-.708l-3-3a.5.5 0 1 0-.708.708L10.293 7.5H4.5z"
    />
  </svg>
  <div>
    <h4>
      Mozambique
    </h4>
    <h5>
      Continent: Â 
      Africa
    </h5>
    <p>
      <img
        className="img-fluid rounded"
        src="https://flagcdn.com/w320/fi.png"
      />
    </p>
  </div>
</div>
`;
